
 Ansys Mechanical Enterprise Academic Student      


 *------------------------------------------------------------------*
 |                                                                  |
 |   W E L C O M E   T O   T H E   A N S Y S (R)  P R O G R A M     |
 |                                                                  |
 *------------------------------------------------------------------*




 ***************************************************************
 *         ANSYS MAPDL 2026 R1          LEGAL NOTICES          *
 ***************************************************************
 *                                                             *
 * Copyright (c) 2026 Synopsys, Inc. and ANSYS, Inc.           *
 * All rights reserved.                                        *
 * Unauthorized use, distribution or duplication is            *
 * prohibited.                                                 *
 *                                                             *
 * Ansys is a registered trademark of Ansys, Inc. or its       *
 * subsidiaries in the United States or other countries.       *
 * See the Ansys, Inc. online documentation or the Ansys, Inc. *
 * documentation CD or online help for the complete Legal      *
 * Notice.                                                     *
 *                                                             *
 ***************************************************************
 *                                                             *
 * THIS ANSYS SOFTWARE PRODUCT AND PROGRAM DOCUMENTATION       *
 * INCLUDE TRADE SECRETS AND CONFIDENTIAL AND PROPRIETARY      *
 * PRODUCTS OF ANSYS, INC., ITS SUBSIDIARIES, OR LICENSORS.    *
 * The software products and documentation are furnished by    *
 * Ansys, Inc. or its subsidiaries under a software license    *
 * agreement that contains provisions concerning               *
 * non-disclosure, copying, length and nature of use,          *
 * compliance with exporting laws, warranties, disclaimers,    *
 * limitations of liability, and remedies, and other           *
 * provisions.  The software products and documentation may be *
 * used, disclosed, transferred, or copied only in accordance  *
 * with the terms and conditions of that software license      *
 * agreement.                                                  *
 *                                                             *
 * Ansys, Inc. is a UL registered                              *
 * ISO 9001:2015 company.                                      *
 *                                                             *
 ***************************************************************
 *                                                             *
 * This product is subject to U.S. laws governing export and   *
 * re-export.                                                  *
 *                                                             *
 * For U.S. Government users, except as specifically granted   *
 * by the Ansys, Inc. software license agreement, the use,     *
 * duplication, or disclosure by the United States Government  *
 * is subject to restrictions stated in the Ansys, Inc.        *
 * software license agreement and FAR 12.212 (for non-DOD      *
 * licenses).                                                  *
 *                                                             *
 ***************************************************************

 2026 R1 
     
 Point Releases and Patches installed:   
     
 Ansys, Inc. License Manager 2026 R1 
 Discovery (full install) 2026 R1
 Core WB Files 2026 R1   
 optiSLang Core UI 2026 R1   
 CFX (includes CFD-Post) 2026 R1 
 Chemkin 2026 R1 
 EnSight 2026 R1 
 FENSAP-ICE 2026 R1  
 Fluent (includes CFD-Post) 2026 R1  
 Polyflow (includes CFD-Post) 2026 R1
 Forte (includes EnSight) 2026 R1
 Rocky 2026 R1   
 TurboGrid 2026 R1   
 ACIS Geometry Interface 2026 R1 
 AutoCAD Geometry Interface 2026 R1  
 Catia, Version 4 Geometry Interface 2026 R1 
 Catia, Version 5 Geometry Interface 2026 R1 
 Catia, Version 6 Geometry Interface 2026 R1 
 Creo Elements/Direct Modeling Geometry Interface 2026 R1
 Creo Parametric Geometry Interface 2026 R1  
 Inventor Geometry Interface 2026 R1 
 JTOpen Geometry Interface 2026 R1   
 NX Geometry Interface 2026 R1   
 Parasolid Geometry Interface  2026 R1   
 Solid Edge Geometry Interface 2026 R1   
 SOLIDWORKS Geometry Interface 2026 R1   
 Speos 2026 R1   
 SpaceClaim 2026 R1  
 Speos RPC 2026 R1   
 Zemax OpticStudio 2026 R1   
 Dynamic Reporting 2026 R1   
 Aqwa 2026 R1
 Autodyn 2026 R1 
 Material Calibration App 2026 R1
 Mechanical Products 2026 R1 
 Motion 2026 R1  
 Academic Student 2026 R1


          *****  MAPDL COMMAND LINE ARGUMENTS  *****
  BATCH MODE REQUESTED (-b)    = NOLIST
  INPUT FILE COPY MODE (-c)    = COPY
  DISTRIBUTED MEMORY PARALLEL REQUESTED
       4 PARALLEL PROCESSES REQUESTED WITH SINGLE THREAD PER PROCESS
    TOTAL OF     4 CORES REQUESTED
  INPUT FILE NAME              = C:\Users\brand\Documents\AMM2\MVP-1\Acoustic simulation\_ProjectScratch\Scr68AD\dummy.dat
  OUTPUT FILE NAME             = C:\Users\brand\Documents\AMM2\MVP-1\Acoustic simulation\_ProjectScratch\Scr68AD\solve.out
  START-UP FILE MODE           = NOREAD
  STOP FILE MODE               = NOREAD

 RELEASE= 2026 R1              BUILD= 26.1      UP20260202   VERSION=WINDOWS x64 
 CURRENT JOBNAME=file0  19:36:25  JUN 03, 2026  Elapsed Time=       0.094


 PARAMETER _DS_PROGRESS =     999.0000000    

 /INPUT FILE= ds.dat  LINE=       0



 *** NOTE ***                            ELAPSED TIME =       5.012   TIME= 19:36:25
 The /CONFIG,NOELDB command is not valid in a distributed memory         
 parallel solution.  Command is ignored.                                 

 *GET  _WALLSTRT  FROM  ACTI  ITEM=TIME WALL  VALUE= 0.139733742E-02

 TITLE= 
 Unit cell simulation--Harmonic Acoustics (B5)                                 

  ACT Extensions:
      LSDYNA, 2026.1
      5f463412-bd3e-484b-87e7-cbc0a665e474, wbex
      ANSYSMotion, 2026.1
      20180725-3f81-49eb-9f31-41364844c769, wbex

 SET PARAMETER DIMENSIONS ON  _WB_PROJECTSCRATCH_DIR
  TYPE=STRI  DIMENSIONS=      248        1        1

 PARAMETER _WB_PROJECTSCRATCH_DIR(1) = C:\Users\brand\Documents\AMM2\MVP-1\Acoustic simulation\_ProjectScratch\Scr68AD\

 SET PARAMETER DIMENSIONS ON  _WB_SOLVERFILES_DIR
  TYPE=STRI  DIMENSIONS=      248        1        1

 PARAMETER _WB_SOLVERFILES_DIR(1) = C:\Users\brand\Documents\AMM2\MVP-1\Acoustic simulation\Unit cell simulation_files\dp0\SYS-2\MECH\

 SET PARAMETER DIMENSIONS ON  _WB_USERFILES_DIR
  TYPE=STRI  DIMENSIONS=      248        1        1

 PARAMETER _WB_USERFILES_DIR(1) = C:\Users\brand\Documents\AMM2\MVP-1\Acoustic simulation\Unit cell simulation_files\user_files\
 --- Data in consistent MKS units. See Solving Units in the help system for more

 MKS UNITS SPECIFIED FOR INTERNAL    
  LENGTH        (l)  = METER (M)
  MASS          (M)  = KILOGRAM (KG)
  TIME          (t)  = SECOND (SEC)
  TEMPERATURE   (T)  = CELSIUS (C)
  TOFFSET            = 273.0
  CHARGE        (Q)  = COULOMB
  FORCE         (f)  = NEWTON (N) (KG-M/SEC2)
  HEAT               = JOULE (N-M)

  PRESSURE           = PASCAL (NEWTON/M**2)
  ENERGY        (W)  = JOULE (N-M)
  POWER         (P)  = WATT (N-M/SEC)
  CURRENT       (i)  = AMPERE (COULOMBS/SEC)
  CAPACITANCE   (C)  = FARAD
  INDUCTANCE    (L)  = HENRY
  MAGNETIC FLUX      = WEBER
  RESISTANCE    (R)  = OHM
  ELECTRIC POTENTIAL = VOLT

 INPUT  UNITS ARE ALSO SET TO MKS 

 *** MAPDL - ENGINEERING ANALYSIS SYSTEM  RELEASE 2026 R1          26.1     ***
 Ansys Mechanical Enterprise Academic Student      
 01055371  VERSION=WINDOWS x64   19:36:25  JUN 03, 2026 Elapsed Time=      5.032

 Unit cell simulation--Harmonic Acoustics (B5)                                 



          ***** MAPDL ANALYSIS DEFINITION (PREP7) *****
 *********** Send User Defined Coordinate System(s) ***********
 *********** Nodes for the whole assembly ***********
 *********** Elements for Body 1 'SYS\250Hz-negative' ***********
 *********** Set Reference Temperature ***********
 *********** Send Materials ***********
 *********** Create Acoustic Pressure ***********


 ***** ROUTINE COMPLETED *****  ELAPSED TIME =         5.085


 --- Number of total nodes = 12051
 --- Number of contact elements = 0
 --- Number of spring elements = 0
 --- Number of bearing elements = 0
 --- Number of solid elements = 7316
 --- Number of condensed parts = 0
 --- Number of total elements = 7316

 *GET  _WALLBSOL  FROM  ACTI  ITEM=TIME WALL  VALUE= 0.141279733E-02

 *****  MAPDL SOLUTION ROUTINE  *****


 PERFORM A HARMONIC ANALYSIS
  THIS WILL BE A NEW ANALYSIS


 PERFORM A FULL HARMONIC RESPONSE ANALYSIS

 THERMAL STRAINS ARE NOT INCLUDED IN THE LOAD VECTOR.

 STEP BOUNDARY CONDITION KEY= 1

 HARMONIC FREQUENCY RANGE - END=  350.00      BEGIN=  200.00    

 USE   150 SUBSTEP(S) THIS LOAD STEP FOR ALL  DEGREES OF FREEDOM

 *** NOTE ***                            ELAPSED TIME =       5.087   TIME= 19:36:25
 The acoustic solver is set to the total field formulation.              

 ERASE THE CURRENT DATABASE OUTPUT CONTROL TABLE.


 WRITE ALL  ITEMS TO THE DATABASE WITH A FREQUENCY OF NONE
   FOR ALL APPLICABLE ENTITIES

 WRITE NSOL ITEMS TO THE DATABASE WITH A FREQUENCY OF ALL 
   FOR ALL APPLICABLE ENTITIES

 WRITE EANG ITEMS TO THE DATABASE WITH A FREQUENCY OF ALL 
   FOR ALL APPLICABLE ENTITIES

 WRITE ETMP ITEMS TO THE DATABASE WITH A FREQUENCY OF ALL 
   FOR ALL APPLICABLE ENTITIES

 WRITE VENG ITEMS TO THE DATABASE WITH A FREQUENCY OF ALL 
   FOR ALL APPLICABLE ENTITIES

 *GET  ANSINTER_  FROM  ACTI  ITEM=INT        VALUE=  0.00000000    

 *IF  ANSINTER_  ( =   0.00000     )  NE  
      0  ( =   0.00000     )  THEN    

 *ENDIF

 *** NOTE ***                            ELAPSED TIME =       5.109   TIME= 19:36:25
 The automatic domain decomposition logic has selected the FREQ domain   
 decomposition method with 1 processes per frequency solution.           

 *****  MAPDL SOLVE    COMMAND  *****



   D I S T R I B U T E D   D O M A I N   D E C O M P O S E R

 ...Number of frequency solutions:  150
 ...Decompose to 4 frequency domains (with 1 processes per domain)


 *** WARNING ***                         ELAPSED TIME =       5.328   TIME= 19:36:25
 Element shape checking is currently inactive.  Issue SHPP,ON or         
 SHPP,WARN to reactivate, if desired.                                    

 *** NOTE ***                            ELAPSED TIME =       5.340   TIME= 19:36:25
 The model data was checked and warning messages were found.             
  Please review output or errors file (                                  
 C:\Users\brand\Documents\AMM2\MVP-1\Acoustic                            
 simulation\_ProjectScratch\Scr68AD\file0.err ) for these warning        
 messages.                                                               

 *** MAPDL - ENGINEERING ANALYSIS SYSTEM  RELEASE 2026 R1          26.1     ***
 Ansys Mechanical Enterprise Academic Student      
 01055371  VERSION=WINDOWS x64   19:36:25  JUN 03, 2026 Elapsed Time=      5.340

 Unit cell simulation--Harmonic Acoustics (B5)                                 



                       S O L U T I O N   O P T I O N S

   PROBLEM DIMENSIONALITY. . . . . . . . . . . . .3-D                  
   DEGREES OF FREEDOM. . . . . . PRES
   ANALYSIS TYPE . . . . . . . . . . . . . . . . .HARMONIC             
      SOLUTION METHOD. . . . . . . . . . . . . . .AUTO
   OFFSET TEMPERATURE FROM ABSOLUTE ZERO . . . . .  273.15    
   THERMAL EXPANSION . . . . . . . . . . . . . . .OFF
   COMPLEX DISPLACEMENT PRINT OPTION . . . . . . .REAL AND IMAGINARY       
   GLOBALLY ASSEMBLED MATRIX . . . . . . . . . . .SYMMETRIC  

 *** NOTE ***                            ELAPSED TIME =       5.347   TIME= 19:36:25
 The Solution Control Option is only valid for single field structural,  
 single field thermal, single field diffusion, coupled                   
 thermal-diffusion analyses and coupled-field analyses with structural   
 degrees of freedom.  The SOLCONTROL,ON command (if present) has been    
 de-activated.                                                           

                      L O A D   S T E P   O P T I O N S

   LOAD STEP NUMBER. . . . . . . . . . . . . . . .     1
   FREQUENCY RANGE . . . . . . . . . . . . . . . .  200.00     TO   350.00    
   NUMBER OF SUBSTEPS. . . . . . . . . . . . . . .   150
   STEP CHANGE BOUNDARY CONDITIONS . . . . . . . .   YES
   PRINT OUTPUT CONTROLS . . . . . . . . . . . . .NO PRINTOUT
   DATABASE OUTPUT CONTROLS
      ITEM     FREQUENCY   COMPONENT
       ALL       NONE               
      NSOL        ALL               
      EANG        ALL               
      ETMP        ALL               
      VENG        ALL               

   AUTO SELECTION OF VT FOR FREQUENCY SWEEP. . . . NO

 *** WARNING ***                         ELAPSED TIME =       5.482   TIME= 19:36:25
 Element shape checking is currently inactive.  Issue SHPP,ON or         
 SHPP,WARN to reactivate, if desired.                                    

 *** WARNING ***                         ELAPSED TIME =       5.482   TIME= 19:36:25
 Element shape checking is currently inactive.  Issue SHPP,ON or         
 SHPP,WARN to reactivate, if desired.                                    

 *** WARNING ***                         ELAPSED TIME =       5.493   TIME= 19:36:25
 Element shape checking is currently inactive.  Issue SHPP,ON or         
 SHPP,WARN to reactivate, if desired.                                    



            **** CENTER OF MASS, MASS, AND MASS MOMENTS OF INERTIA ****

  CALCULATIONS ASSUME ELEMENT MASS AT ELEMENT CENTROID

  TOTAL MASS =  0.26484E-04

                           MOM. OF INERTIA         MOM. OF INERTIA
  CENTER OF MASS            ABOUT ORIGIN        ABOUT CENTER OF MASS

  XC = -0.25083E-01      IXX =   0.2358E-07      IXX =   0.5446E-08
  YC =  0.76744E-02      IYY =   0.4360E-07      IYY =   0.1036E-07
  ZC =  0.25015E-01      IZZ =   0.2369E-07      IZZ =   0.5470E-08
                         IXY =   0.5119E-08      IXY =   0.2118E-10
                         IYZ =  -0.5088E-08      IYZ =  -0.3302E-11
                         IZX =   0.1664E-07      IZX =   0.2182E-10


  *** MASS SUMMARY BY ELEMENT TYPE ***

  TYPE      MASS
     1  0.264843E-04

 Range of element maximum matrix coefficients in global coordinates
 Maximum = 1.31127991E-02 at element 7026.                               
 Minimum = 1.135245116E-03 at element 1918.                              

   *** ELEMENT MATRIX FORMULATION TIMES
     TYPE    NUMBER     ENAME   TOTAL ELAPSED   AVG ELAPSED

        1      7316  FLUID221          0.5066   0.000069242
 Elapsed Time at end of element matrix formulation = 6.0160392.          

 SPARSE MATRIX DIRECT SOLVER.
  Number of equations =       12030,    Maximum wavefront =     80


  Memory allocated on this process
  -------------------------------------------------------------------
  Equation solver memory allocated                     =    46.901 MB
  Equation solver memory required for in-core mode     =    44.917 MB
  Equation solver memory required for out-of-core mode =    17.278 MB
  Total (solver and non-solver) memory allocated       =   471.940 MB

 *** NOTE ***                            ELAPSED TIME =       6.267   TIME= 19:36:26
 The Sparse Matrix Solver is currently running in the in-core memory     
 mode.  This memory mode uses the most amount of memory in order to      
 avoid using the hard drive as much as possible, which most often        
 results in the fastest solution time.  This mode is recommended if      
 enough physical memory is present to accommodate all of the solver      
 data.                                                                   
 Sparse solver maximum pivot= 2.227880766E-02 at node 2550 PRES.         
 Sparse solver minimum pivot= 1.536958098E-04 at node 186 PRES.          
 Sparse solver minimum pivot in absolute value= 1.536958098E-04 at node  
 186 PRES.                                                               

   *** ELEMENT RESULT CALCULATION TIMES
     TYPE    NUMBER     ENAME   TOTAL ELAPSED   AVG ELAPSED

        1      7316  FLUID221          0.1838   0.000025122

   *** NODAL LOAD CALCULATION TIMES
     TYPE    NUMBER     ENAME   TOTAL ELAPSED   AVG ELAPSED

        1      7316  FLUID221          0.0276   0.000003770
 *** LOAD STEP     1   SUBSTEP     1  COMPLETED.  FREQUENCY=   201.000    
 *** LOAD STEP     1   SUBSTEP     2  COMPLETED.  FREQUENCY=   202.000    
 *** LOAD STEP     1   SUBSTEP     3  COMPLETED.  FREQUENCY=   203.000    
 *** LOAD STEP     1   SUBSTEP     4  COMPLETED.  FREQUENCY=   204.000    
 *** LOAD STEP     1   SUBSTEP     5  COMPLETED.  FREQUENCY=   205.000    
 *** LOAD STEP     1   SUBSTEP     6  COMPLETED.  FREQUENCY=   206.000    
 *** LOAD STEP     1   SUBSTEP     7  COMPLETED.  FREQUENCY=   207.000    
 *** LOAD STEP     1   SUBSTEP     8  COMPLETED.  FREQUENCY=   208.000    
 *** LOAD STEP     1   SUBSTEP     9  COMPLETED.  FREQUENCY=   209.000    
 *** LOAD STEP     1   SUBSTEP    10  COMPLETED.  FREQUENCY=   210.000    
 *** LOAD STEP     1   SUBSTEP    11  COMPLETED.  FREQUENCY=   211.000    
 *** LOAD STEP     1   SUBSTEP    12  COMPLETED.  FREQUENCY=   212.000    
 *** LOAD STEP     1   SUBSTEP    13  COMPLETED.  FREQUENCY=   213.000    
 *** LOAD STEP     1   SUBSTEP    14  COMPLETED.  FREQUENCY=   214.000    
 *** LOAD STEP     1   SUBSTEP    15  COMPLETED.  FREQUENCY=   215.000    
 *** LOAD STEP     1   SUBSTEP    16  COMPLETED.  FREQUENCY=   216.000    
 *** LOAD STEP     1   SUBSTEP    17  COMPLETED.  FREQUENCY=   217.000    
 *** LOAD STEP     1   SUBSTEP    18  COMPLETED.  FREQUENCY=   218.000    
 *** LOAD STEP     1   SUBSTEP    19  COMPLETED.  FREQUENCY=   219.000    
 *** LOAD STEP     1   SUBSTEP    20  COMPLETED.  FREQUENCY=   220.000    
 *** LOAD STEP     1   SUBSTEP    21  COMPLETED.  FREQUENCY=   221.000    
 *** LOAD STEP     1   SUBSTEP    22  COMPLETED.  FREQUENCY=   222.000    
 *** LOAD STEP     1   SUBSTEP    23  COMPLETED.  FREQUENCY=   223.000    
 *** LOAD STEP     1   SUBSTEP    24  COMPLETED.  FREQUENCY=   224.000    
 *** LOAD STEP     1   SUBSTEP    25  COMPLETED.  FREQUENCY=   225.000    
 *** LOAD STEP     1   SUBSTEP    26  COMPLETED.  FREQUENCY=   226.000    
 *** LOAD STEP     1   SUBSTEP    27  COMPLETED.  FREQUENCY=   227.000    
 *** LOAD STEP     1   SUBSTEP    28  COMPLETED.  FREQUENCY=   228.000    
 *** LOAD STEP     1   SUBSTEP    29  COMPLETED.  FREQUENCY=   229.000    
 *** LOAD STEP     1   SUBSTEP    30  COMPLETED.  FREQUENCY=   230.000    
 *** LOAD STEP     1   SUBSTEP    31  COMPLETED.  FREQUENCY=   231.000    
 *** LOAD STEP     1   SUBSTEP    32  COMPLETED.  FREQUENCY=   232.000    
 *** LOAD STEP     1   SUBSTEP    33  COMPLETED.  FREQUENCY=   233.000    
 *** LOAD STEP     1   SUBSTEP    34  COMPLETED.  FREQUENCY=   234.000    
 *** LOAD STEP     1   SUBSTEP    35  COMPLETED.  FREQUENCY=   235.000    
 *** LOAD STEP     1   SUBSTEP    36  COMPLETED.  FREQUENCY=   236.000    
 *** LOAD STEP     1   SUBSTEP    37  COMPLETED.  FREQUENCY=   237.000    
 *** LOAD STEP     1   SUBSTEP    38  COMPLETED.  FREQUENCY=   238.000    
 *** LOAD STEP     1   SUBSTEP    39  COMPLETED.  FREQUENCY=   239.000    
 *** LOAD STEP     1   SUBSTEP    40  COMPLETED.  FREQUENCY=   240.000    
 *** LOAD STEP     1   SUBSTEP    41  COMPLETED.  FREQUENCY=   241.000    
 *** LOAD STEP     1   SUBSTEP    42  COMPLETED.  FREQUENCY=   242.000    
 *** LOAD STEP     1   SUBSTEP    43  COMPLETED.  FREQUENCY=   243.000    
 *** LOAD STEP     1   SUBSTEP    44  COMPLETED.  FREQUENCY=   244.000    
 *** LOAD STEP     1   SUBSTEP    45  COMPLETED.  FREQUENCY=   245.000    
 *** LOAD STEP     1   SUBSTEP    46  COMPLETED.  FREQUENCY=   246.000    
 *** LOAD STEP     1   SUBSTEP    47  COMPLETED.  FREQUENCY=   247.000    
 *** LOAD STEP     1   SUBSTEP    48  COMPLETED.  FREQUENCY=   248.000    
 *** LOAD STEP     1   SUBSTEP    49  COMPLETED.  FREQUENCY=   249.000    
 *** LOAD STEP     1   SUBSTEP    50  COMPLETED.  FREQUENCY=   250.000    
 *** LOAD STEP     1   SUBSTEP    51  COMPLETED.  FREQUENCY=   251.000    
 *** LOAD STEP     1   SUBSTEP    52  COMPLETED.  FREQUENCY=   252.000    
 *** LOAD STEP     1   SUBSTEP    53  COMPLETED.  FREQUENCY=   253.000    
 *** LOAD STEP     1   SUBSTEP    54  COMPLETED.  FREQUENCY=   254.000    
 *** LOAD STEP     1   SUBSTEP    55  COMPLETED.  FREQUENCY=   255.000    
 *** LOAD STEP     1   SUBSTEP    56  COMPLETED.  FREQUENCY=   256.000    
 *** LOAD STEP     1   SUBSTEP    57  COMPLETED.  FREQUENCY=   257.000    
 *** LOAD STEP     1   SUBSTEP    58  COMPLETED.  FREQUENCY=   258.000    
 *** LOAD STEP     1   SUBSTEP    59  COMPLETED.  FREQUENCY=   259.000    
 *** LOAD STEP     1   SUBSTEP    60  COMPLETED.  FREQUENCY=   260.000    
 *** LOAD STEP     1   SUBSTEP    61  COMPLETED.  FREQUENCY=   261.000    
 *** LOAD STEP     1   SUBSTEP    62  COMPLETED.  FREQUENCY=   262.000    
 *** LOAD STEP     1   SUBSTEP    63  COMPLETED.  FREQUENCY=   263.000    
 *** LOAD STEP     1   SUBSTEP    64  COMPLETED.  FREQUENCY=   264.000    
 *** LOAD STEP     1   SUBSTEP    65  COMPLETED.  FREQUENCY=   265.000    
 *** LOAD STEP     1   SUBSTEP    66  COMPLETED.  FREQUENCY=   266.000    
 *** LOAD STEP     1   SUBSTEP    67  COMPLETED.  FREQUENCY=   267.000    
 *** LOAD STEP     1   SUBSTEP    68  COMPLETED.  FREQUENCY=   268.000    
 *** LOAD STEP     1   SUBSTEP    69  COMPLETED.  FREQUENCY=   269.000    
 *** LOAD STEP     1   SUBSTEP    70  COMPLETED.  FREQUENCY=   270.000    
 *** LOAD STEP     1   SUBSTEP    71  COMPLETED.  FREQUENCY=   271.000    
 *** LOAD STEP     1   SUBSTEP    72  COMPLETED.  FREQUENCY=   272.000    
 *** LOAD STEP     1   SUBSTEP    73  COMPLETED.  FREQUENCY=   273.000    
 *** LOAD STEP     1   SUBSTEP    74  COMPLETED.  FREQUENCY=   274.000    
 *** LOAD STEP     1   SUBSTEP    75  COMPLETED.  FREQUENCY=   275.000    
 *** LOAD STEP     1   SUBSTEP    76  COMPLETED.  FREQUENCY=   276.000    
 *** LOAD STEP     1   SUBSTEP    77  COMPLETED.  FREQUENCY=   277.000    
 *** LOAD STEP     1   SUBSTEP    78  COMPLETED.  FREQUENCY=   278.000    
 *** LOAD STEP     1   SUBSTEP    79  COMPLETED.  FREQUENCY=   279.000    
 *** LOAD STEP     1   SUBSTEP    80  COMPLETED.  FREQUENCY=   280.000    
 *** LOAD STEP     1   SUBSTEP    81  COMPLETED.  FREQUENCY=   281.000    
 *** LOAD STEP     1   SUBSTEP    82  COMPLETED.  FREQUENCY=   282.000    
 *** LOAD STEP     1   SUBSTEP    83  COMPLETED.  FREQUENCY=   283.000    
 *** LOAD STEP     1   SUBSTEP    84  COMPLETED.  FREQUENCY=   284.000    
 *** LOAD STEP     1   SUBSTEP    85  COMPLETED.  FREQUENCY=   285.000    
 *** LOAD STEP     1   SUBSTEP    86  COMPLETED.  FREQUENCY=   286.000    
 *** LOAD STEP     1   SUBSTEP    87  COMPLETED.  FREQUENCY=   287.000    
 *** LOAD STEP     1   SUBSTEP    88  COMPLETED.  FREQUENCY=   288.000    
 *** LOAD STEP     1   SUBSTEP    89  COMPLETED.  FREQUENCY=   289.000    
 *** LOAD STEP     1   SUBSTEP    90  COMPLETED.  FREQUENCY=   290.000    
 *** LOAD STEP     1   SUBSTEP    91  COMPLETED.  FREQUENCY=   291.000    
 *** LOAD STEP     1   SUBSTEP    92  COMPLETED.  FREQUENCY=   292.000    
 *** LOAD STEP     1   SUBSTEP    93  COMPLETED.  FREQUENCY=   293.000    
 *** LOAD STEP     1   SUBSTEP    94  COMPLETED.  FREQUENCY=   294.000    
 *** LOAD STEP     1   SUBSTEP    95  COMPLETED.  FREQUENCY=   295.000    
 *** LOAD STEP     1   SUBSTEP    96  COMPLETED.  FREQUENCY=   296.000    
 *** LOAD STEP     1   SUBSTEP    97  COMPLETED.  FREQUENCY=   297.000    
 *** LOAD STEP     1   SUBSTEP    98  COMPLETED.  FREQUENCY=   298.000    
 *** LOAD STEP     1   SUBSTEP    99  COMPLETED.  FREQUENCY=   299.000    
 *** LOAD STEP     1   SUBSTEP   100  COMPLETED.  FREQUENCY=   300.000    
 *** LOAD STEP     1   SUBSTEP   101  COMPLETED.  FREQUENCY=   301.000    
 *** LOAD STEP     1   SUBSTEP   102  COMPLETED.  FREQUENCY=   302.000    
 *** LOAD STEP     1   SUBSTEP   103  COMPLETED.  FREQUENCY=   303.000    
 *** LOAD STEP     1   SUBSTEP   104  COMPLETED.  FREQUENCY=   304.000    
 *** LOAD STEP     1   SUBSTEP   105  COMPLETED.  FREQUENCY=   305.000    
 *** LOAD STEP     1   SUBSTEP   106  COMPLETED.  FREQUENCY=   306.000    
 *** LOAD STEP     1   SUBSTEP   107  COMPLETED.  FREQUENCY=   307.000    
 *** LOAD STEP     1   SUBSTEP   108  COMPLETED.  FREQUENCY=   308.000    
 *** LOAD STEP     1   SUBSTEP   109  COMPLETED.  FREQUENCY=   309.000    
 *** LOAD STEP     1   SUBSTEP   110  COMPLETED.  FREQUENCY=   310.000    
 *** LOAD STEP     1   SUBSTEP   111  COMPLETED.  FREQUENCY=   311.000    
 *** LOAD STEP     1   SUBSTEP   112  COMPLETED.  FREQUENCY=   312.000    
 *** LOAD STEP     1   SUBSTEP   113  COMPLETED.  FREQUENCY=   313.000    
 *** LOAD STEP     1   SUBSTEP   114  COMPLETED.  FREQUENCY=   314.000    
 *** LOAD STEP     1   SUBSTEP   115  COMPLETED.  FREQUENCY=   315.000    
 *** LOAD STEP     1   SUBSTEP   116  COMPLETED.  FREQUENCY=   316.000    
 *** LOAD STEP     1   SUBSTEP   117  COMPLETED.  FREQUENCY=   317.000    
 *** LOAD STEP     1   SUBSTEP   118  COMPLETED.  FREQUENCY=   318.000    
 *** LOAD STEP     1   SUBSTEP   119  COMPLETED.  FREQUENCY=   319.000    
 *** LOAD STEP     1   SUBSTEP   120  COMPLETED.  FREQUENCY=   320.000    
 *** LOAD STEP     1   SUBSTEP   121  COMPLETED.  FREQUENCY=   321.000    
 *** LOAD STEP     1   SUBSTEP   122  COMPLETED.  FREQUENCY=   322.000    
 *** LOAD STEP     1   SUBSTEP   123  COMPLETED.  FREQUENCY=   323.000    
 *** LOAD STEP     1   SUBSTEP   124  COMPLETED.  FREQUENCY=   324.000    
 *** LOAD STEP     1   SUBSTEP   125  COMPLETED.  FREQUENCY=   325.000    
 *** LOAD STEP     1   SUBSTEP   126  COMPLETED.  FREQUENCY=   326.000    
 *** LOAD STEP     1   SUBSTEP   127  COMPLETED.  FREQUENCY=   327.000    
 *** LOAD STEP     1   SUBSTEP   128  COMPLETED.  FREQUENCY=   328.000    
 *** LOAD STEP     1   SUBSTEP   129  COMPLETED.  FREQUENCY=   329.000    
 *** LOAD STEP     1   SUBSTEP   130  COMPLETED.  FREQUENCY=   330.000    
 *** LOAD STEP     1   SUBSTEP   131  COMPLETED.  FREQUENCY=   331.000    
 *** LOAD STEP     1   SUBSTEP   132  COMPLETED.  FREQUENCY=   332.000    
 *** LOAD STEP     1   SUBSTEP   133  COMPLETED.  FREQUENCY=   333.000    
 *** LOAD STEP     1   SUBSTEP   134  COMPLETED.  FREQUENCY=   334.000    
 *** LOAD STEP     1   SUBSTEP   135  COMPLETED.  FREQUENCY=   335.000    
 *** LOAD STEP     1   SUBSTEP   136  COMPLETED.  FREQUENCY=   336.000    
 *** LOAD STEP     1   SUBSTEP   137  COMPLETED.  FREQUENCY=   337.000    
 *** LOAD STEP     1   SUBSTEP   138  COMPLETED.  FREQUENCY=   338.000    
 *** LOAD STEP     1   SUBSTEP   139  COMPLETED.  FREQUENCY=   339.000    
 *** LOAD STEP     1   SUBSTEP   140  COMPLETED.  FREQUENCY=   340.000    
 *** LOAD STEP     1   SUBSTEP   141  COMPLETED.  FREQUENCY=   341.000    
 *** LOAD STEP     1   SUBSTEP   142  COMPLETED.  FREQUENCY=   342.000    
 *** LOAD STEP     1   SUBSTEP   143  COMPLETED.  FREQUENCY=   343.000    
 *** LOAD STEP     1   SUBSTEP   144  COMPLETED.  FREQUENCY=   344.000    
 *** LOAD STEP     1   SUBSTEP   145  COMPLETED.  FREQUENCY=   345.000    
 *** LOAD STEP     1   SUBSTEP   146  COMPLETED.  FREQUENCY=   346.000    
 *** LOAD STEP     1   SUBSTEP   147  COMPLETED.  FREQUENCY=   347.000    
 *** LOAD STEP     1   SUBSTEP   148  COMPLETED.  FREQUENCY=   348.000    
 *** LOAD STEP     1   SUBSTEP   149  COMPLETED.  FREQUENCY=   349.000    
 *** LOAD STEP     1   SUBSTEP   150  COMPLETED.  FREQUENCY=   350.000    


 *** MAPDL BINARY FILE STATISTICS
  BUFFER SIZE USED= 16384
       11.750 MB WRITTEN ON ELEMENT MATRIX FILE: file0.emat
        4.312 MB WRITTEN ON ELEMENT SAVED DATA FILE: file0.esav
        4.625 MB WRITTEN ON ASSEMBLED MATRIX FILE: file0.full
       55.688 MB WRITTEN ON RESULTS FILE: file0.rst
 *************** Write FE CONNECTORS *********

 WRITE OUT CONSTRAINT EQUATIONS TO FILE= file.ce                                                                                                                                                                                                                                                             

 FINISH SOLUTION PROCESSING


 ***** ROUTINE COMPLETED *****  ELAPSED TIME =        50.081



 PRINTOUT RESUMED BY /GOP

 *GET  _WALLASOL  FROM  ACTI  ITEM=TIME WALL  VALUE= 0.139118820E-01

 *** MAPDL - ENGINEERING ANALYSIS SYSTEM  RELEASE 2026 R1          26.1     ***
 Ansys Mechanical Enterprise Academic Student      
 01055371  VERSION=WINDOWS x64   19:37:10  JUN 03, 2026 Elapsed Time=     50.088

 Unit cell simulation--Harmonic Acoustics (B5)                                 



          ***** MAPDL RESULTS INTERPRETATION (POST1) *****

 *** NOTE ***                            ELAPSED TIME =      50.088   TIME= 19:37:10
 Reading results into the database (SET command) will update the current 
 displacement and force boundary conditions in the database with the     
 values from the results file for that load set.  Note that any          
 subsequent solutions will use these values unless action is taken to    
 either SAVE the current values or not overwrite them (/EXIT,NOSAVE).    

 Set Encoding of XML File to:ISO-8859-1

 Set Output of XML File to:
     PARM,     ,     ,     ,     ,     ,     ,     ,     ,     ,     ,     ,
         ,     ,     ,     ,     ,     ,     ,

 DATABASE WRITTEN ON FILE  parm.xml                                                                                                                                                                                                                                                            

 EXIT THE MAPDL POST1 DATABASE PROCESSOR


 ***** ROUTINE COMPLETED *****  ELAPSED TIME =        50.089



 PRINTOUT RESUMED BY /GOP

 *GET  _WALLDONE  FROM  ACTI  ITEM=TIME WALL  VALUE= 0.139136285E-01

 PARAMETER _PREPTIME =    0.5565570000E-01

 PARAMETER _SOLVTIME =     44.99670480    

 PARAMETER _POSTTIME =    0.6287300000E-02

 PARAMETER _TOTALTIM =     45.05864780    

 *GET  _DLBRATIO  FROM  ACTI  ITEM=SOLU DLBR  VALUE=  0.00000000    

 *GET  _COMBTIME  FROM  ACTI  ITEM=SOLU COMB  VALUE= 0.388503600    

 *GET  _SSMODE   FROM  ACTI  ITEM=SOLU SSMM  VALUE=  2.00000000    

 *GET  _NDOFS    FROM  ACTI  ITEM=SOLU NDOF  VALUE=  12030.0000    

 /FCLEAN COMMAND REMOVING ALL LOCAL FILES
 --- Total number of nodes = 12051
 --- Total number of elements = 7316
 --- Element load balance ratio = 0
 --- Time to combine distributed files = 0.3885036
 --- Sparse memory mode = 2
 --- Number of DOF = 12030

 EXIT MAPDL WITHOUT SAVING DATABASE


 NUMBER OF WARNING MESSAGES ENCOUNTERED=          4
 NUMBER OF ERROR   MESSAGES ENCOUNTERED=          0

+--------------------- M A P D L   S T A T I S T I C S ------------------------+

Release: 2026 R1            Build: 26.1       Update: UP20260202   Platform: WINDOWS x64 
Date Run: 06/03/2026   Time: 19:37     Process ID: 1352
Operating System: Windows 10  (Build: 19045)

Processor Model: Intel(R) Xeon(R) CPU E5-1620 v3 @ 3.50GHz

Compiler: Intel(R) Fortran Compiler Classic Version 2021.9  (Build: 20230302)
          Intel(R) C/C++ Compiler Classic Version 2021.9  (Build: 20230302)
          Intel(R) oneAPI Math Kernel Library Version 2024.2.3-Product Build 20250403

Number of machines requested            :    1
Total number of cores available         :    8
Number of physical cores available      :    4
Number of processes requested           :    4
Number of threads per process requested :    1
Total number of cores requested         :    4 (Distributed Memory Parallel)               
MPI Type: INTELMPI
MPI Version: Intel(R) MPI Library 2021.16 for Windows* OS


GPU Acceleration: Not Requested

Job Name: file0
Input File: dummy.dat

  Core                Machine Name   Working Directory
 -----------------------------------------------------
     0     brandons-pc-workstation   C:\Users\brand\Documents\AMM2\MVP-1\Acoustic simulation\_ProjectScratch\Scr68AD
     1     brandons-pc-workstation   C:\Users\brand\Documents\AMM2\MVP-1\Acoustic simulation\_ProjectScratch\Scr68AD
     2     brandons-pc-workstation   C:\Users\brand\Documents\AMM2\MVP-1\Acoustic simulation\_ProjectScratch\Scr68AD
     3     brandons-pc-workstation   C:\Users\brand\Documents\AMM2\MVP-1\Acoustic simulation\_ProjectScratch\Scr68AD
 
Latency time from master to core     1 =    5.466 microseconds
Latency time from master to core     2 =    4.859 microseconds
Latency time from master to core     3 =    4.820 microseconds
 
Communication speed from master to core     1 =  2880.56 MB/sec
Communication speed from master to core     2 =  4813.65 MB/sec
Communication speed from master to core     3 =  4954.51 MB/sec

Total CPU time for main thread                    :       45.5 seconds
Total CPU time summed for all threads             :       47.0 seconds

Elapsed time spent obtaining a license            :        0.5 seconds
Elapsed time spent pre-processing model (/PREP7)  :        0.1 seconds
Elapsed time spent solution - preprocessing       :        0.3 seconds
Elapsed time spent computing solution             :       44.2 seconds
   Elapsed time in element formation & assembly   :       21.1 seconds
   Elapsed time in equation solver                :        6.2 seconds
   Elapsed time in element result calculations    :       16.8 seconds
Elapsed time spent solution - postprocessing      :        0.4 seconds
Elapsed time spent post-processing model (/POST1) :        0.0 seconds
 
Equation solver used                              :            Sparse (symmetric)
Sparse direct equation solver computational rate  :        3.9 Gflops

Sum of disk space used on all processes           :      472.0 MB

Sum of memory used on all processes               :      324.0 MB
Sum of memory allocated on all processes          :     2880.0 MB
Physical memory available                         :         32 GB
Total amount of I/O written to disk               :        3.9 GB
Total amount of I/O read from disk                :        7.0 GB

+------------------ E N D   M A P D L   S T A T I S T I C S -------------------+


 *-----------------------------------------------------------------------------*
 |                                                                             |
 |                               RUN COMPLETED                                 |
 |                                                                             |
 |-----------------------------------------------------------------------------|
 |                                                                             |
 |  Ansys MAPDL 2026 R1         Build 26.1         UP20260202    WINDOWS x64   |
 |                                                                             |
 |-----------------------------------------------------------------------------|
 |                                                                             |
 |  Database Requested(-db)     1024 MB     Scratch Memory Requested   1024 MB |
 |  Max Database Used(Master)      8 MB     Max Scratch Used(Master)     73 MB |
 |  Max Database Used(Workers)     8 MB     Max Scratch Used(Workers)    73 MB |
 |  Sum Database Used(All)        32 MB     Sum Scratch Used(All)       292 MB |
 |                                                                             |
 |-----------------------------------------------------------------------------|
 |                                                                             |
 |        CP Time      (sec) =         47.000       Time  =  19:37:21          |
 |        Elapsed Time (sec) =         60.996       Date  =  06/03/2026        |
 |                                                                             |
 *-----------------------------------------------------------------------------*
